// Jest Snapshot v1, https://goo.gl/fbAQLP

exports[`api/queries/getMintableSeb returns the mintable VAI in the correct format on success 1`] = `
Object {
  "mintableSebWei": "40000000000000000000",
}
`;
