// Jest Snapshot v1, https://goo.gl/fbAQLP

exports[`api/queries/getMiaVaultUserInfo returns user info related to MIA vault in correct format on success 1`] = `
Object {
  "pendingWithdrawalsTotalAmountWei": "1000000000000000000",
  "rewardDebtAmountWei": "2000000000000000000",
  "stakedAmountWei": "30000000000000000000",
}
`;
