// Jest Snapshot v1, https://goo.gl/fbAQLP

exports[`api/queries/getSebVaultUserInfo returns the user info in the correct format 1`] = `
Object {
  "stakedSebWei": "1e+23",
}
`;
