// Jest Snapshot v1, https://goo.gl/fbAQLP

exports[`pages/Vault/modals/WithdrawFromSebVaultModal fetches and displays the user balance correctly 1`] = `"Available VAI100,000 VAI"`;
